         512         545           9         512        2048         545           0
         428         405         422         424         423
         430         436         406         435         405
         429         435         405         434         424
         431         406         408         405         422
         454         462         440         461         439
         478         456         463         451         462
         479         451         462         450         461
         455         463         446         462         440
         443         420         414         419         413
         442         418         417         420         414
         439         433         418         432         420
         437         432         420         409         419
         510         514         474         513         478
         511         545         544         514         474
         318         294         514         293         513
         319         543         545         294         514
         507         476         483         477         482
         508         474         476         478         477
         506         475         481         476         483
         509         544         475         474         476
         485         470         469         479         465
         495         468         467         470         469
         493         481         468         483         470
         484         483         470         482         479
         464         489         460         488         448
         487         469         489         465         488
         459         487         458         489         460
         494         467         487         469         489
         502         512         472         511         501
         288         301         512         283         511
         503         513         478         512         472
         316         293         513         301         512
         498         473         471         500         499
         500         478         477         472         473
         501         472         473         501         500
         499         477         482         473         471
         480         480         464         498         497
         496         471         480         499         498
         486         479         465         480         464
         497         482         479         471         480
         482         486         485         496         495
         468         488         448         486         485
         481         465         488         464         486
         483         464         486         497         496
         292         510         509         307         508
         294         284         510         306         307
         293         283         511         284         510
         403         511         501         510         509
         407         390         395         389         394
         401         509         390         508         389
         402         501         500         509         390
         405         500         499         390         395
         415         396         431         391         436
         413         395         396         394         391
         412         498         497         396         431
         404         499         498         395         396
         424         404         407         406         408
         426         497         496         431         404
         425         496         495         404         407
         427         431         404         436         406
         287         275         507         282         506
         282         274         275         273         282
         285         306         307         274         275
         286         307         508         275         507
         410         393         392         400         399
         406         389         394         393         392
         411         507         393         506         400
         400         508         389         507         393
         387         398         435         397         434
         408         394         391         392         398
         414         391         436         398         435
         409         392         398         399         397
         445         415         427         411         412
         444         414         415         413         411
         441         417         426         414         415
         447         426         425         415         427
         475         494         493         492         449
         446         427         494         412         492
         418         401         491         494         493
         419         425         401         427         494
         476         453         451         452         450
         474         493         453         449         452
         477         455         456         453         451
         473         491         455         493         453
         268         264         504         263         503
         270         269         265         268         264
         269         268         264         267         263
         271         265         505         264         504
         394         384         383         381         382
         398         505         388         504         384
         399         388         387         384         383
         395         504         384         503         381
         436         430         432         429         409
         391         386         433         430         432
         392         383         430         382         429
         393         387         386         383         430
         383         366         356         365         343
         366         333         335         366         356
         327         363         366         329         365
         367         364         333         363         366
         262         262         268         260         267
         263         266         269         262         268
         260         261         262         259         260
         256         258         266         261         262
         372         349         346         348         338
         379         362         349         361         348
         377         360         347         349         346
         378         359         360         362         349
         314         292         296         542         295
         315         294         293         292         296
         312         543         294         541         292
         313         541         292         540         542
         290         300         288         299         287
         308         296         300         295         299
         317         293         301         296         300
         291         301         283         300         288
         303         289         305         286         304
         289         283         284         288         289
         295         284         306         289         305
         302         288         289         287         286
         278         277         276         270         272
         279         305         277         304         270
         283         274         273         277         276
         284         306         274         305         277
         310         539         291         538         290
         311         542         295         539         291
         190         161         539         168         538
         191         540         542         161         539
         160         165         149         239         238
         457         484         537         443         536
         306         291         298         290         370
         214         188         193         189         194
         154         139         135         138         134
         120         103         245          94         246
         358         351         331         350         330
          55         111          42          38          41
         135         235         233         234         124
         136         131         127         130         129
         376         358         344         360         347
         210         187         201         200         199
          59          45          44          49          48
         218         191         244         190         243
          60          40          59          47          46
         242         216         215         223         222
          46          30          58          29          57
          78          62          66         521          65
         111          84         250          99         249
         200         181         186         185         184
         116         121         102         120          89
         245         217         232         212         231
         251         214         219         213         218
         162         174         173         237         236
         364         334         337         333         335
         365         357         334         364         333
         363         378         377         357         334
         151         148         147         146         140
         362         377         376         334         337
         170         152         151         172         171
         140         169         142         170         128
         195         183         178         182         177
          88         253         252         108         251
         112          90          96          88          95
         490         535         534         466         533
         234         207         206         204         205
         416         402         490         401         491
         264         280         502         265         505
           6          23           2          22           1
          31          51          15          50          20
         231         208         203         211         210
         223         198         192         197         196
         460         459         457         463         446
         188         160         167         163         166
         114         119          91         118          87
         348         321         362         319         361
         158         145         137         144         136
          92          78          73          77          72
          71         523          61         522          60
         126          93         248          92         247
         207         226         224         225         180
         450         442         438         441         437
         435         410         416         418         417
         338         322         316         323         359
         323         313         312         328         327
         178         158         156         241         240
         229         202         230         209         229
         350         532         320         531         318
         470         454         447         455         456
         144         171         525         132         524
          43         518          33         517          32
          20          19          17          18           9
         227         221         228         220         227
         371         355         354         345         353
         462         444         530         445         529
           1           7         110          21           3
         258         368         278         371         258
         261         373         261         372         259
         374         342         341         339         340
         353         336         375         352         332
         103          86          85          81          80
          98         109          79         117         116
         122         101         100          98          97
          19          27          26          16          25
         335         374         315         310         314
          22          13          12          10          11
          87          71         106          68         105
          81          67         104         115         114
         186         257         159         256         162
         326         309         363         326         329
          41          37          36         519          31
         346         325         324         528         317
         197         179         195         175         176
         130         126         123         125         122
         149         133         516         141         515
          34          34          28          35          56
          14           6           8           4           5
         423         421         403         426         425
         389         385         380         388         387
         390         379         428         386         433
          62          43          55          39          54
         182         255         157         254         242
         266         279         281         266         269
         167         155         154         164         150
          27          53          24          52          14
          67          75          74         113         112
         276         304         270         303         302
         183         157         158         242         241
         179         163         166         158         156
         180         162         163         157         158
         373         346         342         338         339
         176         156         165         240         239
         165         164         150         165         149
         177         166         164         156         165
         370         345         353         342         341
         161         149         174         238         237
         138         170         128         174         173
         163         150         170         149         174
         301         287         286         297         285
          90          69         253         107         108
         255         254         242         253         252
          89          70         254          69         253
         277         270         272         302         271
         253         252         214         251         213
         249         241         240         214         219
         254         242         241         252         214
         369         353         352         341         351
         244         239         238         217         232
         247         219         217         218         212
         248         240         239         219         217
         368         341         351         340         350
         215         232         188         231         189
         212         237         236         188         193
         213         238         237         232         188
         359         352         332         351         331
         106          83          84          82          99
         110         108         251          84         250
         109         107         108          83          84
         307         298         297         370         369
         243         250         216         249         223
         250         213         218         216         215
         252         251         213         250         216
         356         331         373         330         372
         240         215         221         222         220
         246         212         231         221         228
         241         218         212         215         221
         257         371         258         373         261
         196         178         179         177         175
         199         197         196         179         195
         193         184         197         178         179
         275         302         271         377         376
         198         195         235         176         234
         219         190         243         235         233
         216         196         190         195         235
         304         538         290         527         526
         134         233         126         124         125
         131         130         129         126         123
         133         243         130         233         126
         357         332         371         331         373
         127          94         246          93         248
         124          96          93          95          92
         125          97          94          96          93
         328         525         313         524         328
         235         248         207         247         204
         239         211         210         207         206
         238         246         211         248         207
         155         141         515         139         135
         232         206         226         205         225
         228         209         229         226         224
         233         210         209         206         226
         171         153         527         152         151
          61          59          53          46          52
          15           4           5          53          24
          12          54           4          59          53
         330         310         314         313         312
         115          91          90          87          88
         113          98          97          90          96
         118          89          98          91          90
         159         137         139         136         138
          29          58          19          57          18
          30          50          20          19          17
          28          56          50          58          19
         156         140         141         137         139
          79         545          62         544         521
          76          64          63          62          66
          77         543          64         545          62
         168         527         526         151         520
          69          66          78          65          77
          93          76          70          78          73
          75          63          76          66          78
         152         515         528         135         532
          91          69         107          71         106
          86          73          71          72          68
          94          70          69          73          71
         347         528         317         532         320
         101         106          86         105          81
         107          83          82          86          85
         108         107          83         106          86
         153         135         532         134         531
         505         475         523         481         522
          70         521          65         523          61
         504         544         521         475         523
         300         299         287         298         297
          66          61          75          60         113
          85          77          72          75          74
          68          65          77          61          75
         349         323         359         321         362
          80          74          67         112         115
          83          68         105          67         104
          84          72          68          74          67
         351         320         321         318         319
          82         104         109         114         117
          99          81          80         109          79
         100         105          81         104         109
         329         520         310         525         313
         491         468         535         467         466
          65         522          60         535         534
         492         481         522         468         535
         296         297         285         369         367
          48         534         111         533          38
          54         113         112         111          42
          64          60         113         534         111
         344         317         323         320         321
          53         115         114          43          55
          57          42          43          41          39
          52         112         115          42          43
         211         189         194         187         201
          13          55           6          54           4
          10         117         116           6           8
          11         114         117          55           6
         309         295         299         291         298
         458         487         484         458         443
         488         466         533         484         537
         489         467         466         487         484
         175         168         538         153         527
          50         537          45         536          49
          49          38          41          45          44
          51         533          38         537          45
         208         231         189         228         187
          58          44          40          48          47
          63          39          54          40          59
          56          41          39          44          40
         209         228         187         227         200
          21          17          13           9          10
          18          16          25          13          12
          23          20          16          17          13
         325         308         364         309         363
           7          21           3          23           2
          17          12          23          11          22
          16          25          21          12          23
         305         290         370         526         374
           4           2         119           1         118
         117         120          89         119          91
           5           3         120           2         119
         157         146         140         145         137
         452         440         442         439         441
         453         446         445         440         442
         451         445         529         442         438
         128         129         146         123         145
          42         519          31         518          33
         448         529         519         438         518
         449         438         518         437         517
         129         123         145         122         144
          47          33          30          32          29
          44          35          56          30          58
          45          31          35          33          30
         297         286         304         285         303
         466         447         459         456         463
         465         460         458         459         457
         467         448         460         447         459
         206         224         183         180         182
         438         428         410         433         418
         433         434         424         428         410
         432         424         423         410         416
         194         185         184         183         178
         422         422         408         421         403
         434         423         422         416         421
         440         416         421         417         426
         146         172         171         143         132
         417         403         402         425         401
         421         407         495         402         490
         420         408         407         403         402
         324         311         357         308         364
         469         485         448         454         447
         471         495         485         490         454
         472         490         454         491         455
         322         312         309         327         326
         265         282         506         280         502
         267         281         280         269         265
         280         273         282         281         280
          73          64         257          63         256
         396         502         385         505         388
         385         400         399         385         380
         397         506         400         502         385
         205         229         185         224         183
         388         380         379         387         386
         386         397         434         379         428
         384         399         397         380         379
         331         526         374         520         310
         281         276         273         279         281
         273         272         276         278         279
         259         278         279         258         266
         298         303         302         378         377
         339         316         358         359         360
         382         365         343         358         344
         336         329         365         316         358
          72         543         541          64         257
         381         344         355         347         345
         361         356         335         355         354
         380         343         356         344         355
         187         541         540         257         159
         352         354         336         353         352
         360         335         337         354         336
         355         337         376         336         375
         334         370         369         374         315
         354         375         368         332         371
         272         271         272         368         278
         274         376         271         375         368
         189         161         168         160         167
         150         147         133         140         141
         145         143         132         147         133
         148         132         524         133         516
         184         159         160         162         163
         343         516         325         515         528
         341         328         327         325         324
         342         524         328         516         325
         185         540         161         159         160
         345         324         322         317         323
         337         326         329         322         316
         340         327         326         324         322
         299         285         303         367         378
         142         127         148         129         146
         141         142         143         148         147
         143         128         142         127         148
         164         167         155         166         164
         202         200         199         181         186
         204         230         181         229         185
         201         227         200         230         181
         375         347         345         346         342
         192         186         198         184         197
         222         201         194         198         192
         203         199         201         186         198
         173         153         152         155         154
         217         192         191         196         190
         221         193         236         191         244
         220         194         193         192         191
         333         367         378         311         357
         132         244         131         243         130
         139         173         128         131         127
         137         236         173         244         131
         174         168         153         167         155
         123         100         103          97          94
         121          99         249         103         245
         104          82          99         100         103
         169         151         520         171         525
         225         223         222         208         203
         237         245         208         246         211
         236         249         223         245         208
         166         154         169         150         170
         230         203         202         210         209
         226         220         227         202         230
         224         222         220         203         202
         332         369         367         315         311
         105          85          82         101         100
         102          80          85         102         101
         119         102         101          89          98
         321         314         308         312         309
          35          28          51          56          50
          26          52          14          51          15
          32          46          52          28          51
         172         152         172         154         169
          25          15          27          20          16
           8          24           5          27          26
          24          14          24          15          27
         147         172         143         169         142
           0          26           7          25          21
           3           8         116           7         110
           9           5           8          26           7
         320         315         311         314         308
           2         110         121           3         120
          96          79          80         121         102
          97         116          79         110         121
         181         256         162         255         157
         461         457         444         446         445
         456         443         536         444         530
         463         458         443         457         444
          74          63         256          76         255
          39         530          37         529         519
          37          49          48          37          36
          38         536          49         530          37
          95          76         255          70         254
          33          47          46          34          28
          36          48          47          36          34
          40          36          34          31          35
